LevelDB already build. Delete '/Users/dryajov/personal/projects/durability-labs/archivist-node/vendor/nimble/leveldbstatic/build' to force rebuild.
[Suite  ] Test RepoStore start/stop
  [Test   ]           Should set started flag once started
TRC 2026-02-03 22:02:22.762-06:00 Starting repo                              topics="archivist repostore" tid=25631160
  [OK     ] (  0.00s) Should set started flag once started[0m
  [Test   ]           Should set started flag to false once stopped
TRC 2026-02-03 22:02:22.763-06:00 Starting repo                              topics="archivist repostore" tid=25631160
TRC 2026-02-03 22:02:22.763-06:00 Stopping repo                              topics="archivist repostore" tid=25631160
TRC 2026-02-03 22:02:22.763-06:00 Closing repostore                          topics="archivist repostore" tid=25631160
  [OK     ] (  0.00s) Should set started flag to false once stopped[0m
  [Test   ]           Should allow start to be called multiple times
TRC 2026-02-03 22:02:22.764-06:00 Starting repo                              topics="archivist repostore" tid=25631160
TRC 2026-02-03 22:02:22.764-06:00 Repo already started                       topics="archivist repostore" tid=25631160
  [OK     ] (  0.00s) Should allow start to be called multiple times[0m
  [Test   ]           Should allow stop to be called multiple times
TRC 2026-02-03 22:02:22.765-06:00 Repo is not started                        topics="archivist repostore" tid=25631160
TRC 2026-02-03 22:02:22.765-06:00 Repo is not started                        topics="archivist repostore" tid=25631160
  [OK     ] (  0.00s) Should allow stop to be called multiple times[0m
(0.00s)   Test RepoStore start/stop

[Suite  ] RepoStore
  [Test   ]           Should update current used bytes on block put
TRC 2026-02-03 22:02:22.767-06:00 Updating counters                          topics="archivist repostore" tid=25631160 quotaDelta=200 reservedDelta=0 blocksDelta=1
  [OK     ] (  0.00s) Should update current used bytes on block put[0m
  [Test   ]           Should update current used bytes on block delete
TRC 2026-02-03 22:02:22.768-06:00 Updating counters                          topics="archivist repostore" tid=25631160 quotaDelta=100 reservedDelta=0 blocksDelta=1
TRC 2026-02-03 22:02:22.769-06:00 Deleting blocks                            topics="archivist repostore" tid=25631160 count=1
TRC 2026-02-03 22:02:22.769-06:00 Deleting from block store                  topics="archivist repostore" tid=25631160 count=1
TRC 2026-02-03 22:02:22.770-06:00 Updating counters                          topics="archivist repostore" tid=25631160 quotaDelta=-100 reservedDelta=0 blocksDelta=-1
TRC 2026-02-03 22:02:22.770-06:00 Updating block count to                    topics="archivist repostore" tid=25631160 totalBlocks=0
TRC 2026-02-03 22:02:22.770-06:00 Updating quota to                          topics="archivist repostore" tid=25631160 quota=0
TRC 2026-02-03 22:02:22.771-06:00 Deleting blocks metadata                   topics="archivist repostore" tid=25631160 count=1
TRC 2026-02-03 22:02:22.771-06:00 Some blocks were not deleted, likely due to refcCount > 0 topics="archivist repostore" tid=25631160 skipped=1 cid=zDx*r9y9Vw
  [OK     ] (  0.00s) Should update current used bytes on block delete[0m
  [Test   ]           Should not update current used bytes if block exist
TRC 2026-02-03 22:02:22.772-06:00 Updating counters                          topics="archivist repostore" tid=25631160 quotaDelta=100 reservedDelta=0 blocksDelta=1
TRC 2026-02-03 22:02:22.773-06:00 Block metadata already exists              topics="archivist repostore" tid=25631160 err="Unable to put record due to conflict" cid=zDx*r9y9Vw
TRC 2026-02-03 22:02:22.773-06:00 Block already in store                     topics="archivist repostore" tid=25631160 err="Unable to put record due to conflict" cid=zDx*r9y9Vw
  [OK     ] (  0.00s) Should not update current used bytes if block exist[0m
  [Test   ]           Should fail storing passed the quota
  [OK     ] (  0.00s) Should fail storing passed the quota[0m
  [Test   ]           Should reserve bytes
TRC 2026-02-03 22:02:22.775-06:00 Updating counters                          topics="archivist repostore" tid=25631160 quotaDelta=100 reservedDelta=0 blocksDelta=1
TRC 2026-02-03 22:02:22.775-06:00 Reserving bytes                            topics="archivist repostore" tid=25631160 bytes=100'NByte
TRC 2026-02-03 22:02:22.775-06:00 Updating counters                          topics="archivist repostore" tid=25631160 quotaDelta=0 reservedDelta=100 blocksDelta=0
TRC 2026-02-03 22:02:22.775-06:00 Updating block count to                    topics="archivist repostore" tid=25631160 totalBlocks=0
TRC 2026-02-03 22:02:22.775-06:00 Updating quota to                          topics="archivist repostore" tid=25631160 quota=0
  [OK     ] (  0.00s) Should reserve bytes[0m
  [Test   ]           Should not reserve bytes over max quota
TRC 2026-02-03 22:02:22.777-06:00 Updating counters                          topics="archivist repostore" tid=25631160 quotaDelta=100 reservedDelta=0 blocksDelta=1
TRC 2026-02-03 22:02:22.777-06:00 Reserving bytes                            topics="archivist repostore" tid=25631160 bytes=101'NByte
  [OK     ] (  0.00s) Should not reserve bytes over max quota[0m
  [Test   ]           Should release bytes
TRC 2026-02-03 22:02:22.778-06:00 Reserving bytes                            topics="archivist repostore" tid=25631160 bytes=100'NByte
TRC 2026-02-03 22:02:22.778-06:00 Updating counters                          topics="archivist repostore" tid=25631160 quotaDelta=0 reservedDelta=100 blocksDelta=0
TRC 2026-02-03 22:02:22.778-06:00 Releasing bytes                            topics="archivist repostore" tid=25631160 bytes=100'NByte
TRC 2026-02-03 22:02:22.778-06:00 Updating counters                          topics="archivist repostore" tid=25631160 quotaDelta=0 reservedDelta=-100 blocksDelta=0
TRC 2026-02-03 22:02:22.779-06:00 Updating block count to                    topics="archivist repostore" tid=25631160 totalBlocks=0
TRC 2026-02-03 22:02:22.779-06:00 Updating quota to                          topics="archivist repostore" tid=25631160 quota=0
  [OK     ] (  0.00s) Should release bytes[0m
  [Test   ]           Should not release bytes less than quota
TRC 2026-02-03 22:02:22.780-06:00 Reserving bytes                            topics="archivist repostore" tid=25631160 bytes=100'NByte
TRC 2026-02-03 22:02:22.780-06:00 Updating counters                          topics="archivist repostore" tid=25631160 quotaDelta=0 reservedDelta=100 blocksDelta=0
TRC 2026-02-03 22:02:22.780-06:00 Releasing bytes                            topics="archivist repostore" tid=25631160 bytes=101'NByte
  [OK     ] (  0.00s) Should not release bytes less than quota[0m
  [Test   ]           should put empty blocks
TRC 2026-02-03 22:02:22.781-06:00 Skipping empty block                       topics="archivist repostore" tid=25631160 cid=zDx*KVj93r
  [OK     ] (  0.00s) should put empty blocks[0m
  [Test   ]           should get empty blocks
TRC 2026-02-03 22:02:22.782-06:00 Empty block, ignoring                      topics="archivist repostore" tid=25631160 cid=zDx*KVj93r
  [OK     ] (  0.00s) should get empty blocks[0m
  [Test   ]           should delete empty blocks
TRC 2026-02-03 22:02:22.782-06:00 Skipping empty Cid                         topics="archivist repostore" tid=25631160 cid=zDx*KVj93r
  [OK     ] (  0.00s) should delete empty blocks[0m
  [Test   ]           should have empty block
TRC 2026-02-03 22:02:22.783-06:00 Skipping empty block                       topics="archivist repostore" tid=25631160 cid=zDx*KVj93r
  [OK     ] (  0.00s) should have empty block[0m
  [Test   ]           should set the reference count for orphan blocks to 0
TRC 2026-02-03 22:02:22.785-06:00 Updating counters                          topics="archivist repostore" tid=25631160 quotaDelta=60 reservedDelta=0 blocksDelta=1
  [OK     ] (  0.00s) should set the reference count for orphan blocks to 0[0m
  [Test   ]           should not allow non-orphan blocks to be deleted directly
TRC 2026-02-03 22:02:22.790-06:00 Updating counters                          topics="archivist repostore" tid=25631160 quotaDelta=256 reservedDelta=0 blocksDelta=1
TRC 2026-02-03 22:02:22.790-06:00 Storing Leaf and Block Metadata            topics="archivist repostore" tid=25631160 treeCid=zDz*c5FuNe index=0 blkCid=zDx*mwpjsQ
TRC 2026-02-03 22:02:22.790-06:00 Put or update leaf and block metadata      topics="archivist repostore" tid=25631160 treeCid=zDz*c5FuNe count=2
TRC 2026-02-03 22:02:22.791-06:00 Got refreshed leaf and block records       topics="archivist repostore" tid=25631160 refreshed=1 conflicts=1
TRC 2026-02-03 22:02:22.791-06:00 Processing record                          topics="archivist repostore" tid=25631160 key=/meta/blocks/zDxWB8EDBZGoejGdcKLd9HvgRVXWBnhtiFDdefkd88AMGQmwpjsQ
TRC 2026-02-03 22:02:22.791-06:00 Updated refCount for                       topics="archivist repostore" tid=25631160 cid=zDx*mwpjsQ refCount=1
TRC 2026-02-03 22:02:22.791-06:00 Records to put                             topics="archivist repostore" tid=25631160 records=2
  [OK     ] (  0.01s) should not allow non-orphan blocks to be deleted directly[0m
  [Test   ]           should allow non-orphan blocks to be deleted by dataset reference
TRC 2026-02-03 22:02:22.796-06:00 Updating counters                          topics="archivist repostore" tid=25631160 quotaDelta=256 reservedDelta=0 blocksDelta=1
TRC 2026-02-03 22:02:22.796-06:00 Storing Leaf and Block Metadata            topics="archivist repostore" tid=25631160 treeCid=zDz*Cckdvr index=0 blkCid=zDx*7zZq2r
TRC 2026-02-03 22:02:22.796-06:00 Put or update leaf and block metadata      topics="archivist repostore" tid=25631160 treeCid=zDz*Cckdvr count=2
TRC 2026-02-03 22:02:22.797-06:00 Got refreshed leaf and block records       topics="archivist repostore" tid=25631160 refreshed=1 conflicts=1
TRC 2026-02-03 22:02:22.797-06:00 Processing record                          topics="archivist repostore" tid=25631160 key=/meta/blocks/zDxWB8ED3Cmtzu48deYWGYUvP1P7RqDh7tPciTujkC2Qjf7zZq2r
TRC 2026-02-03 22:02:22.797-06:00 Updated refCount for                       topics="archivist repostore" tid=25631160 cid=zDx*7zZq2r refCount=1
TRC 2026-02-03 22:02:22.797-06:00 Records to put                             topics="archivist repostore" tid=25631160 records=2
TRC 2026-02-03 22:02:22.797-06:00 Deleting leaf and block metadata           topics="archivist repostore" tid=25631160 treeCid=zDz*Cckdvr
TRC 2026-02-03 22:02:22.798-06:00 Got leaf and block metadata                topics="archivist repostore" tid=25631160 leafMeta=1 blockMeta=1 treeCid=zDz*Cckdvr
TRC 2026-02-03 22:02:22.798-06:00 Deleting from block store                  topics="archivist repostore" tid=25631160 count=1
TRC 2026-02-03 22:02:22.799-06:00 Updating counters                          topics="archivist repostore" tid=25631160 quotaDelta=-256 reservedDelta=0 blocksDelta=-1
TRC 2026-02-03 22:02:22.799-06:00 Updating block count to                    topics="archivist repostore" tid=25631160 totalBlocks=0
TRC 2026-02-03 22:02:22.799-06:00 Updating quota to                          topics="archivist repostore" tid=25631160 quota=0
TRC 2026-02-03 22:02:22.799-06:00 Deleting blocks metadata                   topics="archivist repostore" tid=25631160 count=1
  [OK     ] (  0.01s) should allow non-orphan blocks to be deleted by dataset reference[0m
  [Test   ]           should not delete a non-orphan block until it is deleted from all parent datasets
TRC 2026-02-03 22:02:22.807-06:00 Updating counters                          topics="archivist repostore" tid=25631160 quotaDelta=256 reservedDelta=0 blocksDelta=1
TRC 2026-02-03 22:02:22.807-06:00 Storing Leaf and Block Metadata            topics="archivist repostore" tid=25631160 treeCid=zDz*BQ6rdC index=1 blkCid=zDx*aFZpCv
TRC 2026-02-03 22:02:22.807-06:00 Put or update leaf and block metadata      topics="archivist repostore" tid=25631160 treeCid=zDz*BQ6rdC count=2
TRC 2026-02-03 22:02:22.808-06:00 Got refreshed leaf and block records       topics="archivist repostore" tid=25631160 refreshed=1 conflicts=1
TRC 2026-02-03 22:02:22.808-06:00 Processing record                          topics="archivist repostore" tid=25631160 key=/meta/blocks/zDxWB8ED4UBo96KEf3sRgDzNsspW6g88qrVqfV9N6PjdEBaFZpCv
TRC 2026-02-03 22:02:22.808-06:00 Updated refCount for                       topics="archivist repostore" tid=25631160 cid=zDx*aFZpCv refCount=1
TRC 2026-02-03 22:02:22.808-06:00 Records to put                             topics="archivist repostore" tid=25631160 records=2
TRC 2026-02-03 22:02:22.808-06:00 Storing Leaf and Block Metadata            topics="archivist repostore" tid=25631160 treeCid=zDz*mEd58W index=0 blkCid=zDx*aFZpCv
TRC 2026-02-03 22:02:22.808-06:00 Put or update leaf and block metadata      topics="archivist repostore" tid=25631160 treeCid=zDz*mEd58W count=2
TRC 2026-02-03 22:02:22.809-06:00 Got refreshed leaf and block records       topics="archivist repostore" tid=25631160 refreshed=1 conflicts=1
TRC 2026-02-03 22:02:22.809-06:00 Processing record                          topics="archivist repostore" tid=25631160 key=/meta/blocks/zDxWB8ED4UBo96KEf3sRgDzNsspW6g88qrVqfV9N6PjdEBaFZpCv
TRC 2026-02-03 22:02:22.809-06:00 Updated refCount for                       topics="archivist repostore" tid=25631160 cid=zDx*aFZpCv refCount=2
TRC 2026-02-03 22:02:22.809-06:00 Records to put                             topics="archivist repostore" tid=25631160 records=2
TRC 2026-02-03 22:02:22.809-06:00 Deleting leaf and block metadata           topics="archivist repostore" tid=25631160 treeCid=zDz*BQ6rdC
TRC 2026-02-03 22:02:22.810-06:00 Got leaf and block metadata                topics="archivist repostore" tid=25631160 leafMeta=1 blockMeta=0 treeCid=zDz*BQ6rdC
TRC 2026-02-03 22:02:22.811-06:00 Deleting leaf and block metadata           topics="archivist repostore" tid=25631160 treeCid=zDz*mEd58W
TRC 2026-02-03 22:02:22.812-06:00 Got leaf and block metadata                topics="archivist repostore" tid=25631160 leafMeta=1 blockMeta=1 treeCid=zDz*mEd58W
TRC 2026-02-03 22:02:22.812-06:00 Deleting from block store                  topics="archivist repostore" tid=25631160 count=1
TRC 2026-02-03 22:02:22.813-06:00 Updating counters                          topics="archivist repostore" tid=25631160 quotaDelta=-256 reservedDelta=0 blocksDelta=-1
TRC 2026-02-03 22:02:22.813-06:00 Updating block count to                    topics="archivist repostore" tid=25631160 totalBlocks=0
TRC 2026-02-03 22:02:22.813-06:00 Updating quota to                          topics="archivist repostore" tid=25631160 quota=0
TRC 2026-02-03 22:02:22.813-06:00 Deleting blocks metadata                   topics="archivist repostore" tid=25631160 count=1
  [OK     ] (  0.01s) should not delete a non-orphan block until it is deleted from all parent datasets[0m
  [Test   ]           should clear leaf metadata when block is deleted from dataset
TRC 2026-02-03 22:02:22.819-06:00 Updating counters                          topics="archivist repostore" tid=25631160 quotaDelta=256 reservedDelta=0 blocksDelta=1
TRC 2026-02-03 22:02:22.819-06:00 Storing Leaf and Block Metadata            topics="archivist repostore" tid=25631160 treeCid=zDz*Cg58e8 index=0 blkCid=zDx*MHrexA
TRC 2026-02-03 22:02:22.819-06:00 Put or update leaf and block metadata      topics="archivist repostore" tid=25631160 treeCid=zDz*Cg58e8 count=2
TRC 2026-02-03 22:02:22.819-06:00 Got refreshed leaf and block records       topics="archivist repostore" tid=25631160 refreshed=1 conflicts=1
TRC 2026-02-03 22:02:22.819-06:00 Processing record                          topics="archivist repostore" tid=25631160 key=/meta/blocks/zDxWB8ED7AHSnahkixWn3uzbM7zww96puvAweB2TBPFs8pMHrexA
TRC 2026-02-03 22:02:22.819-06:00 Updated refCount for                       topics="archivist repostore" tid=25631160 cid=zDx*MHrexA refCount=1
TRC 2026-02-03 22:02:22.819-06:00 Records to put                             topics="archivist repostore" tid=25631160 records=2
TRC 2026-02-03 22:02:22.820-06:00 Deleting leaf and block metadata           topics="archivist repostore" tid=25631160 treeCid=zDz*Cg58e8
TRC 2026-02-03 22:02:22.821-06:00 Got leaf and block metadata                topics="archivist repostore" tid=25631160 leafMeta=1 blockMeta=1 treeCid=zDz*Cg58e8
TRC 2026-02-03 22:02:22.821-06:00 Deleting from block store                  topics="archivist repostore" tid=25631160 count=1
TRC 2026-02-03 22:02:22.822-06:00 Updating counters                          topics="archivist repostore" tid=25631160 quotaDelta=-256 reservedDelta=0 blocksDelta=-1
TRC 2026-02-03 22:02:22.822-06:00 Updating block count to                    topics="archivist repostore" tid=25631160 totalBlocks=0
TRC 2026-02-03 22:02:22.822-06:00 Updating quota to                          topics="archivist repostore" tid=25631160 quota=0
TRC 2026-02-03 22:02:22.822-06:00 Deleting blocks metadata                   topics="archivist repostore" tid=25631160 count=1
  [OK     ] (  0.01s) should clear leaf metadata when block is deleted from dataset[0m
  [Test   ]           should not fail when reinserting and deleting a previously deleted block (bug #1108)
TRC 2026-02-03 22:02:22.828-06:00 Updating counters                          topics="archivist repostore" tid=25631160 quotaDelta=256 reservedDelta=0 blocksDelta=1
TRC 2026-02-03 22:02:22.828-06:00 Storing Leaf and Block Metadata            topics="archivist repostore" tid=25631160 treeCid=zDz*p5wCnv index=0 blkCid=zDx*rP9k2v
TRC 2026-02-03 22:02:22.828-06:00 Put or update leaf and block metadata      topics="archivist repostore" tid=25631160 treeCid=zDz*p5wCnv count=2
TRC 2026-02-03 22:02:22.828-06:00 Got refreshed leaf and block records       topics="archivist repostore" tid=25631160 refreshed=1 conflicts=1
TRC 2026-02-03 22:02:22.828-06:00 Processing record                          topics="archivist repostore" tid=25631160 key=/meta/blocks/zDxWB8ED4RWfMoG72X29hkXMcVLHtxfYi2VUQDVa4RAw5rrP9k2v
TRC 2026-02-03 22:02:22.828-06:00 Updated refCount for                       topics="archivist repostore" tid=25631160 cid=zDx*rP9k2v refCount=1
TRC 2026-02-03 22:02:22.828-06:00 Records to put                             topics="archivist repostore" tid=25631160 records=2
TRC 2026-02-03 22:02:22.829-06:00 Deleting leaf and block metadata           topics="archivist repostore" tid=25631160 treeCid=zDz*p5wCnv
TRC 2026-02-03 22:02:22.830-06:00 Got leaf and block metadata                topics="archivist repostore" tid=25631160 leafMeta=1 blockMeta=1 treeCid=zDz*p5wCnv
TRC 2026-02-03 22:02:22.830-06:00 Deleting from block store                  topics="archivist repostore" tid=25631160 count=1
TRC 2026-02-03 22:02:22.830-06:00 Updating counters                          topics="archivist repostore" tid=25631160 quotaDelta=-256 reservedDelta=0 blocksDelta=-1
TRC 2026-02-03 22:02:22.830-06:00 Updating block count to                    topics="archivist repostore" tid=25631160 totalBlocks=0
TRC 2026-02-03 22:02:22.831-06:00 Updating quota to                          topics="archivist repostore" tid=25631160 quota=0
TRC 2026-02-03 22:02:22.831-06:00 Deleting blocks metadata                   topics="archivist repostore" tid=25631160 count=1
TRC 2026-02-03 22:02:22.832-06:00 Updating counters                          topics="archivist repostore" tid=25631160 quotaDelta=256 reservedDelta=0 blocksDelta=1
TRC 2026-02-03 22:02:22.832-06:00 Updating block count to                    topics="archivist repostore" tid=25631160 totalBlocks=0
TRC 2026-02-03 22:02:22.832-06:00 Updating quota to                          topics="archivist repostore" tid=25631160 quota=0
TRC 2026-02-03 22:02:22.832-06:00 Deleting leaf and block metadata           topics="archivist repostore" tid=25631160 treeCid=zDz*p5wCnv
TRC 2026-02-03 22:02:22.832-06:00 Got leaf and block metadata                topics="archivist repostore" tid=25631160 leafMeta=0 blockMeta=0 treeCid=zDz*p5wCnv
  [OK     ] (  0.01s) should not fail when reinserting and deleting a previously deleted block (bug #1108)[0m
(0.07s)   RepoStore

[Suite  ] RepoStore Sql backend Store Common
  [Test   ]           putBlock
TRC 2026-02-03 22:02:22.834-06:00 Updating counters                          topics="archivist repostore" tid=25631160 quotaDelta=100 reservedDelta=0 blocksDelta=1
TRC 2026-02-03 22:02:22.834-06:00 Closing repostore                          topics="archivist repostore" tid=25631160
  [OK     ] (  0.00s) putBlock[0m
  [Test   ]           putBlock raises onBlockStored
TRC 2026-02-03 22:02:22.836-06:00 Updating counters                          topics="archivist repostore" tid=25631160 quotaDelta=100 reservedDelta=0 blocksDelta=1
TRC 2026-02-03 22:02:22.836-06:00 Closing repostore                          topics="archivist repostore" tid=25631160
  [OK     ] (  0.00s) putBlock raises onBlockStored[0m
  [Test   ]           getBlock
TRC 2026-02-03 22:02:22.837-06:00 Updating counters                          topics="archivist repostore" tid=25631160 quotaDelta=21 reservedDelta=0 blocksDelta=1
TRC 2026-02-03 22:02:22.837-06:00 Got block for cid                          topics="archivist repostore" tid=25631160 cid=zDx*YijCzC
TRC 2026-02-03 22:02:22.837-06:00 Closing repostore                          topics="archivist repostore" tid=25631160
  [OK     ] (  0.00s) getBlock[0m
  [Test   ]           fail getBlock
TRC 2026-02-03 22:02:22.838-06:00 Closing repostore                          topics="archivist repostore" tid=25631160
  [OK     ] (  0.00s) fail getBlock[0m
  [Test   ]           hasBlock
TRC 2026-02-03 22:02:22.839-06:00 Updating counters                          topics="archivist repostore" tid=25631160 quotaDelta=21 reservedDelta=0 blocksDelta=1
TRC 2026-02-03 22:02:22.840-06:00 Closing repostore                          topics="archivist repostore" tid=25631160
  [OK     ] (  0.00s) hasBlock[0m
  [Test   ]           fail hasBlock
TRC 2026-02-03 22:02:22.841-06:00 Closing repostore                          topics="archivist repostore" tid=25631160
  [OK     ] (  0.00s) fail hasBlock[0m
  [Test   ]           delBlock
TRC 2026-02-03 22:02:22.842-06:00 Updating counters                          topics="archivist repostore" tid=25631160 quotaDelta=100 reservedDelta=0 blocksDelta=1
TRC 2026-02-03 22:02:22.843-06:00 Deleting blocks                            topics="archivist repostore" tid=25631160 count=1
TRC 2026-02-03 22:02:22.843-06:00 Deleting from block store                  topics="archivist repostore" tid=25631160 count=1
TRC 2026-02-03 22:02:22.843-06:00 Updating counters                          topics="archivist repostore" tid=25631160 quotaDelta=-100 reservedDelta=0 blocksDelta=-1
TRC 2026-02-03 22:02:22.844-06:00 Updating block count to                    topics="archivist repostore" tid=25631160 totalBlocks=0
TRC 2026-02-03 22:02:22.844-06:00 Updating quota to                          topics="archivist repostore" tid=25631160 quota=0
TRC 2026-02-03 22:02:22.844-06:00 Deleting blocks metadata                   topics="archivist repostore" tid=25631160 count=1
TRC 2026-02-03 22:02:22.844-06:00 Some blocks were not deleted, likely due to refcCount > 0 topics="archivist repostore" tid=25631160 skipped=1 cid=zDx*PfKpU4
TRC 2026-02-03 22:02:22.845-06:00 Closing repostore                          topics="archivist repostore" tid=25631160
  [OK     ] (  0.00s) delBlock[0m
  [Test   ]           listBlocks Blocks
TRC 2026-02-03 22:02:22.846-06:00 Updating counters                          topics="archivist repostore" tid=25631160 quotaDelta=100 reservedDelta=0 blocksDelta=1
TRC 2026-02-03 22:02:22.846-06:00 Updating counters                          topics="archivist repostore" tid=25631160 quotaDelta=100 reservedDelta=0 blocksDelta=1
TRC 2026-02-03 22:02:22.846-06:00 Updating counters                          topics="archivist repostore" tid=25631160 quotaDelta=100 reservedDelta=0 blocksDelta=1
TRC 2026-02-03 22:02:22.846-06:00 Updating block count to                    topics="archivist repostore" tid=25631160 totalBlocks=0
TRC 2026-02-03 22:02:22.846-06:00 Updating quota to                          topics="archivist repostore" tid=25631160 quota=0
TRC 2026-02-03 22:02:22.847-06:00 Updating block count to                    topics="archivist repostore" tid=25631160 totalBlocks=0
TRC 2026-02-03 22:02:22.847-06:00 Updating quota to                          topics="archivist repostore" tid=25631160 quota=0
TRC 2026-02-03 22:02:22.847-06:00 Updating block count to                    topics="archivist repostore" tid=25631160 totalBlocks=0
TRC 2026-02-03 22:02:22.847-06:00 Updating quota to                          topics="archivist repostore" tid=25631160 quota=0
TRC 2026-02-03 22:02:22.848-06:00 Retrieved record from repo                 topics="archivist repostore" tid=25631160 key=/repo/blocks/Ez/zDxWB8EDDWvkbJsy1XSvmej47CLzGbYLRFVbxeyBpsAr5S4B7wEz
TRC 2026-02-03 22:02:22.848-06:00 Retrieved record from repo                 topics="archivist repostore" tid=25631160 key=/repo/blocks/U4/zDxWB8ED2KmgKgn4MHYsB6uJaLWm5YZVLMze2RffzuueQdPfKpU4
TRC 2026-02-03 22:02:22.848-06:00 Retrieved record from repo                 topics="archivist repostore" tid=25631160 key=/repo/blocks/dm/zDxWB8ED6z24DsqTnbqApd5T6CRx6ien7br1RGXWfGS8LYHSBedm
TRC 2026-02-03 22:02:22.849-06:00 Closing repostore                          topics="archivist repostore" tid=25631160
  [OK     ] (  0.00s) listBlocks Blocks[0m
  [Test   ]           listBlocks Manifest
TRC 2026-02-03 22:02:22.851-06:00 Updating counters                          topics="archivist repostore" tid=25631160 quotaDelta=256 reservedDelta=0 blocksDelta=1
TRC 2026-02-03 22:02:22.851-06:00 Updating counters                          topics="archivist repostore" tid=25631160 quotaDelta=55 reservedDelta=0 blocksDelta=1
TRC 2026-02-03 22:02:22.851-06:00 Updating counters                          topics="archivist repostore" tid=25631160 quotaDelta=100 reservedDelta=0 blocksDelta=1
TRC 2026-02-03 22:02:22.851-06:00 Updating counters                          topics="archivist repostore" tid=25631160 quotaDelta=100 reservedDelta=0 blocksDelta=1
TRC 2026-02-03 22:02:22.851-06:00 Updating counters                          topics="archivist repostore" tid=25631160 quotaDelta=100 reservedDelta=0 blocksDelta=1
TRC 2026-02-03 22:02:22.851-06:00 Updating block count to                    topics="archivist repostore" tid=25631160 totalBlocks=0
TRC 2026-02-03 22:02:22.851-06:00 Updating quota to                          topics="archivist repostore" tid=25631160 quota=0
TRC 2026-02-03 22:02:22.851-06:00 Updating block count to                    topics="archivist repostore" tid=25631160 totalBlocks=0
TRC 2026-02-03 22:02:22.851-06:00 Updating quota to                          topics="archivist repostore" tid=25631160 quota=0
TRC 2026-02-03 22:02:22.851-06:00 Updating block count to                    topics="archivist repostore" tid=25631160 totalBlocks=0
TRC 2026-02-03 22:02:22.852-06:00 Updating quota to                          topics="archivist repostore" tid=25631160 quota=0
TRC 2026-02-03 22:02:22.852-06:00 Updating block count to                    topics="archivist repostore" tid=25631160 totalBlocks=0
TRC 2026-02-03 22:02:22.852-06:00 Updating quota to                          topics="archivist repostore" tid=25631160 quota=0
TRC 2026-02-03 22:02:22.852-06:00 Updating block count to                    topics="archivist repostore" tid=25631160 totalBlocks=0
TRC 2026-02-03 22:02:22.852-06:00 Updating quota to                          topics="archivist repostore" tid=25631160 quota=0
TRC 2026-02-03 22:02:22.852-06:00 Updating block count to                    topics="archivist repostore" tid=25631160 totalBlocks=0
TRC 2026-02-03 22:02:22.852-06:00 Updating quota to                          topics="archivist repostore" tid=25631160 quota=0
TRC 2026-02-03 22:02:22.852-06:00 Updating block count to                    topics="archivist repostore" tid=25631160 totalBlocks=0
TRC 2026-02-03 22:02:22.852-06:00 Updating quota to                          topics="archivist repostore" tid=25631160 quota=0
TRC 2026-02-03 22:02:22.853-06:00 Updating block count to                    topics="archivist repostore" tid=25631160 totalBlocks=0
TRC 2026-02-03 22:02:22.853-06:00 Updating quota to                          topics="archivist repostore" tid=25631160 quota=0
TRC 2026-02-03 22:02:22.853-06:00 Updating block count to                    topics="archivist repostore" tid=25631160 totalBlocks=0
TRC 2026-02-03 22:02:22.853-06:00 Updating quota to                          topics="archivist repostore" tid=25631160 quota=0
TRC 2026-02-03 22:02:22.853-06:00 Retrieved record from repo                 topics="archivist repostore" tid=25631160 key=/repo/manifests/hL/zDvZRwzm1um2QML1LX2izPVruBxgzfhPndMarxxFM4YnN1ig4ohL
TRC 2026-02-03 22:02:22.854-06:00 Closing repostore                          topics="archivist repostore" tid=25631160
===================
  /Users/dryajov/personal/projects/durability-labs/archivist-node/tests/archivist/stores/testrepostore 'RepoStore Sql backend Store Common::listBlocks Manifest'
-------------------
    /Users/dryajov/personal/projects/durability-labs/archivist-node/tests/archivist/stores/commonstoretests.nim(132, 25): Check failed: handle.read.isOk
    /Users/dryajov/personal/projects/durability-labs/archivist-node/tests/archivist/stores/commonstoretests.nim(132, 25): Check failed: handle.read.isOk

  [FAILED ] (  0.00s) listBlocks Manifest[0m
  [Test   ]           listBlocks Both
TRC 2026-02-03 22:02:22.856-06:00 Updating counters                          topics="archivist repostore" tid=25631160 quotaDelta=256 reservedDelta=0 blocksDelta=1
TRC 2026-02-03 22:02:22.856-06:00 Updating counters                          topics="archivist repostore" tid=25631160 quotaDelta=55 reservedDelta=0 blocksDelta=1
TRC 2026-02-03 22:02:22.856-06:00 Updating counters                          topics="archivist repostore" tid=25631160 quotaDelta=100 reservedDelta=0 blocksDelta=1
TRC 2026-02-03 22:02:22.856-06:00 Updating counters                          topics="archivist repostore" tid=25631160 quotaDelta=100 reservedDelta=0 blocksDelta=1
TRC 2026-02-03 22:02:22.856-06:00 Updating counters                          topics="archivist repostore" tid=25631160 quotaDelta=100 reservedDelta=0 blocksDelta=1
TRC 2026-02-03 22:02:22.856-06:00 Updating block count to                    topics="archivist repostore" tid=25631160 totalBlocks=0
TRC 2026-02-03 22:02:22.856-06:00 Updating quota to                          topics="archivist repostore" tid=25631160 quota=0
TRC 2026-02-03 22:02:22.857-06:00 Updating block count to                    topics="archivist repostore" tid=25631160 totalBlocks=0
TRC 2026-02-03 22:02:22.857-06:00 Updating quota to                          topics="archivist repostore" tid=25631160 quota=0
TRC 2026-02-03 22:02:22.857-06:00 Updating block count to                    topics="archivist repostore" tid=25631160 totalBlocks=0
TRC 2026-02-03 22:02:22.857-06:00 Updating quota to                          topics="archivist repostore" tid=25631160 quota=0
TRC 2026-02-03 22:02:22.857-06:00 Updating block count to                    topics="archivist repostore" tid=25631160 totalBlocks=0
TRC 2026-02-03 22:02:22.857-06:00 Updating quota to                          topics="archivist repostore" tid=25631160 quota=0
TRC 2026-02-03 22:02:22.857-06:00 Updating block count to                    topics="archivist repostore" tid=25631160 totalBlocks=0
TRC 2026-02-03 22:02:22.857-06:00 Updating quota to                          topics="archivist repostore" tid=25631160 quota=0
TRC 2026-02-03 22:02:22.857-06:00 Updating block count to                    topics="archivist repostore" tid=25631160 totalBlocks=0
TRC 2026-02-03 22:02:22.857-06:00 Updating quota to                          topics="archivist repostore" tid=25631160 quota=0
TRC 2026-02-03 22:02:22.858-06:00 Updating block count to                    topics="archivist repostore" tid=25631160 totalBlocks=0
TRC 2026-02-03 22:02:22.858-06:00 Updating quota to                          topics="archivist repostore" tid=25631160 quota=0
TRC 2026-02-03 22:02:22.858-06:00 Retrieved record from repo                 topics="archivist repostore" tid=25631160 key=/repo/blocks/89/zDxWB8ED13nJv8geij8zvj1D1M6MkeuJeKPJ3VYefdr9yDWcmG89
TRC 2026-02-03 22:02:22.859-06:00 Retrieved record from repo                 topics="archivist repostore" tid=25631160 key=/repo/blocks/Ez/zDxWB8EDDWvkbJsy1XSvmej47CLzGbYLRFVbxeyBpsAr5S4B7wEz
TRC 2026-02-03 22:02:22.859-06:00 Retrieved record from repo                 topics="archivist repostore" tid=25631160 key=/repo/blocks/U4/zDxWB8ED2KmgKgn4MHYsB6uJaLWm5YZVLMze2RffzuueQdPfKpU4
TRC 2026-02-03 22:02:22.860-06:00 Retrieved record from repo                 topics="archivist repostore" tid=25631160 key=/repo/blocks/dm/zDxWB8ED6z24DsqTnbqApd5T6CRx6ien7br1RGXWfGS8LYHSBedm
TRC 2026-02-03 22:02:22.860-06:00 Retrieved record from repo                 topics="archivist repostore" tid=25631160 key=/repo/manifests/hL/zDvZRwzm1um2QML1LX2izPVruBxgzfhPndMarxxFM4YnN1ig4ohL
TRC 2026-02-03 22:02:22.860-06:00 Closing repostore                          topics="archivist repostore" tid=25631160
===============
  /Users/dryajov/personal/projects/durability-labs/archivist-node/tests/archivist/stores/testrepostore 'RepoStore Sql backend Store Common::listBlocks Both'
---------------
    /Users/dryajov/personal/projects/durability-labs/archivist-node/tests/archivist/stores/commonstoretests.nim(157, 25): Check failed: handle.read.isOk

  [FAILED ] (  0.01s) listBlocks Both[0m
(0.03s)   RepoStore Sql backend Store Common

[Suite  ] RepoStore FS backend Store Common
  [Test   ]           putBlock
TRC 2026-02-03 22:02:22.862-06:00 Updating counters                          topics="archivist repostore" tid=25631160 quotaDelta=100 reservedDelta=0 blocksDelta=1
TRC 2026-02-03 22:02:22.863-06:00 Closing repostore                          topics="archivist repostore" tid=25631160
  [OK     ] (  0.00s) putBlock[0m
  [Test   ]           putBlock raises onBlockStored
TRC 2026-02-03 22:02:22.865-06:00 Updating counters                          topics="archivist repostore" tid=25631160 quotaDelta=100 reservedDelta=0 blocksDelta=1
TRC 2026-02-03 22:02:22.865-06:00 Closing repostore                          topics="archivist repostore" tid=25631160
  [OK     ] (  0.00s) putBlock raises onBlockStored[0m
  [Test   ]           getBlock
TRC 2026-02-03 22:02:22.867-06:00 Updating counters                          topics="archivist repostore" tid=25631160 quotaDelta=21 reservedDelta=0 blocksDelta=1
TRC 2026-02-03 22:02:22.868-06:00 Got block for cid                          topics="archivist repostore" tid=25631160 cid=zDx*YijCzC
TRC 2026-02-03 22:02:22.868-06:00 Closing repostore                          topics="archivist repostore" tid=25631160
  [OK     ] (  0.00s) getBlock[0m
  [Test   ]           fail getBlock
TRC 2026-02-03 22:02:22.869-06:00 Closing repostore                          topics="archivist repostore" tid=25631160
  [OK     ] (  0.00s) fail getBlock[0m
  [Test   ]           hasBlock
TRC 2026-02-03 22:02:22.870-06:00 Updating counters                          topics="archivist repostore" tid=25631160 quotaDelta=21 reservedDelta=0 blocksDelta=1
TRC 2026-02-03 22:02:22.871-06:00 Closing repostore                          topics="archivist repostore" tid=25631160
  [OK     ] (  0.00s) hasBlock[0m
  [Test   ]           fail hasBlock
TRC 2026-02-03 22:02:22.872-06:00 Closing repostore                          topics="archivist repostore" tid=25631160
  [OK     ] (  0.00s) fail hasBlock[0m
  [Test   ]           delBlock
TRC 2026-02-03 22:02:22.874-06:00 Updating counters                          topics="archivist repostore" tid=25631160 quotaDelta=100 reservedDelta=0 blocksDelta=1
TRC 2026-02-03 22:02:22.875-06:00 Deleting blocks                            topics="archivist repostore" tid=25631160 count=1
TRC 2026-02-03 22:02:22.875-06:00 Deleting from block store                  topics="archivist repostore" tid=25631160 count=1
TRC 2026-02-03 22:02:22.875-06:00 Updating counters                          topics="archivist repostore" tid=25631160 quotaDelta=-100 reservedDelta=0 blocksDelta=-1
TRC 2026-02-03 22:02:22.876-06:00 Updating block count to                    topics="archivist repostore" tid=25631160 totalBlocks=0
TRC 2026-02-03 22:02:22.876-06:00 Updating quota to                          topics="archivist repostore" tid=25631160 quota=0
TRC 2026-02-03 22:02:22.876-06:00 Deleting blocks metadata                   topics="archivist repostore" tid=25631160 count=1
TRC 2026-02-03 22:02:22.876-06:00 Some blocks were not deleted, likely due to refcCount > 0 topics="archivist repostore" tid=25631160 skipped=1 cid=zDx*PfKpU4
TRC 2026-02-03 22:02:22.877-06:00 Closing repostore                          topics="archivist repostore" tid=25631160
  [OK     ] (  0.00s) delBlock[0m
  [Test   ]           listBlocks Blocks
TRC 2026-02-03 22:02:22.879-06:00 Updating counters                          topics="archivist repostore" tid=25631160 quotaDelta=100 reservedDelta=0 blocksDelta=1
TRC 2026-02-03 22:02:22.879-06:00 Updating counters                          topics="archivist repostore" tid=25631160 quotaDelta=100 reservedDelta=0 blocksDelta=1
TRC 2026-02-03 22:02:22.879-06:00 Updating counters                          topics="archivist repostore" tid=25631160 quotaDelta=100 reservedDelta=0 blocksDelta=1
TRC 2026-02-03 22:02:22.879-06:00 Updating block count to                    topics="archivist repostore" tid=25631160 totalBlocks=0
TRC 2026-02-03 22:02:22.879-06:00 Updating quota to                          topics="archivist repostore" tid=25631160 quota=0
TRC 2026-02-03 22:02:22.879-06:00 Updating block count to                    topics="archivist repostore" tid=25631160 totalBlocks=0
TRC 2026-02-03 22:02:22.879-06:00 Updating quota to                          topics="archivist repostore" tid=25631160 quota=0
TRC 2026-02-03 22:02:22.880-06:00 Updating block count to                    topics="archivist repostore" tid=25631160 totalBlocks=0
TRC 2026-02-03 22:02:22.880-06:00 Updating quota to                          topics="archivist repostore" tid=25631160 quota=0
TRC 2026-02-03 22:02:22.880-06:00 Retrieved record from repo                 topics="archivist repostore" tid=25631160 key=/repo/blocks/Ez/zDxWB8EDDWvkbJsy1XSvmej47CLzGbYLRFVbxeyBpsAr5S4B7wEz
TRC 2026-02-03 22:02:22.881-06:00 Retrieved record from repo                 topics="archivist repostore" tid=25631160 key=/repo/blocks/dm/zDxWB8ED6z24DsqTnbqApd5T6CRx6ien7br1RGXWfGS8LYHSBedm
TRC 2026-02-03 22:02:22.881-06:00 Retrieved record from repo                 topics="archivist repostore" tid=25631160 key=/repo/blocks/U4/zDxWB8ED2KmgKgn4MHYsB6uJaLWm5YZVLMze2RffzuueQdPfKpU4
TRC 2026-02-03 22:02:22.882-06:00 Closing repostore                          topics="archivist repostore" tid=25631160
  [OK     ] (  0.01s) listBlocks Blocks[0m
  [Test   ]           listBlocks Manifest
TRC 2026-02-03 22:02:22.884-06:00 Updating counters                          topics="archivist repostore" tid=25631160 quotaDelta=256 reservedDelta=0 blocksDelta=1
TRC 2026-02-03 22:02:22.884-06:00 Updating counters                          topics="archivist repostore" tid=25631160 quotaDelta=55 reservedDelta=0 blocksDelta=1
TRC 2026-02-03 22:02:22.884-06:00 Updating counters                          topics="archivist repostore" tid=25631160 quotaDelta=100 reservedDelta=0 blocksDelta=1
TRC 2026-02-03 22:02:22.885-06:00 Updating counters                          topics="archivist repostore" tid=25631160 quotaDelta=100 reservedDelta=0 blocksDelta=1
TRC 2026-02-03 22:02:22.885-06:00 Updating counters                          topics="archivist repostore" tid=25631160 quotaDelta=100 reservedDelta=0 blocksDelta=1
TRC 2026-02-03 22:02:22.885-06:00 Updating block count to                    topics="archivist repostore" tid=25631160 totalBlocks=0
TRC 2026-02-03 22:02:22.885-06:00 Updating quota to                          topics="archivist repostore" tid=25631160 quota=0
TRC 2026-02-03 22:02:22.885-06:00 Updating block count to                    topics="archivist repostore" tid=25631160 totalBlocks=0
TRC 2026-02-03 22:02:22.885-06:00 Updating quota to                          topics="archivist repostore" tid=25631160 quota=0
TRC 2026-02-03 22:02:22.885-06:00 Updating block count to                    topics="archivist repostore" tid=25631160 totalBlocks=0
TRC 2026-02-03 22:02:22.885-06:00 Updating quota to                          topics="archivist repostore" tid=25631160 quota=0
TRC 2026-02-03 22:02:22.885-06:00 Updating block count to                    topics="archivist repostore" tid=25631160 totalBlocks=0
TRC 2026-02-03 22:02:22.885-06:00 Updating quota to                          topics="archivist repostore" tid=25631160 quota=0
TRC 2026-02-03 22:02:22.886-06:00 Updating block count to                    topics="archivist repostore" tid=25631160 totalBlocks=0
TRC 2026-02-03 22:02:22.886-06:00 Updating quota to                          topics="archivist repostore" tid=25631160 quota=0
TRC 2026-02-03 22:02:22.886-06:00 Updating block count to                    topics="archivist repostore" tid=25631160 totalBlocks=0
TRC 2026-02-03 22:02:22.886-06:00 Updating quota to                          topics="archivist repostore" tid=25631160 quota=0
TRC 2026-02-03 22:02:22.886-06:00 Updating block count to                    topics="archivist repostore" tid=25631160 totalBlocks=0
TRC 2026-02-03 22:02:22.886-06:00 Updating quota to                          topics="archivist repostore" tid=25631160 quota=0
TRC 2026-02-03 22:02:22.887-06:00 Retrieved record from repo                 topics="archivist repostore" tid=25631160 key=/repo/manifests/hL/zDvZRwzm1um2QML1LX2izPVruBxgzfhPndMarxxFM4YnN1ig4ohL
TRC 2026-02-03 22:02:22.887-06:00 Closing repostore                          topics="archivist repostore" tid=25631160
===================
  /Users/dryajov/personal/projects/durability-labs/archivist-node/tests/archivist/stores/testrepostore 'RepoStore FS backend Store Common::listBlocks Manifest'
-------------------
    /Users/dryajov/personal/projects/durability-labs/archivist-node/tests/archivist/stores/commonstoretests.nim(132, 25): Check failed: handle.read.isOk

  [FAILED ] (  0.01s) listBlocks Manifest[0m
  [Test   ]           listBlocks Both
TRC 2026-02-03 22:02:22.890-06:00 Updating counters                          topics="archivist repostore" tid=25631160 quotaDelta=55 reservedDelta=0 blocksDelta=1
TRC 2026-02-03 22:02:22.890-06:00 Updating counters                          topics="archivist repostore" tid=25631160 quotaDelta=256 reservedDelta=0 blocksDelta=1
TRC 2026-02-03 22:02:22.890-06:00 Updating counters                          topics="archivist repostore" tid=25631160 quotaDelta=100 reservedDelta=0 blocksDelta=1
TRC 2026-02-03 22:02:22.890-06:00 Updating counters                          topics="archivist repostore" tid=25631160 quotaDelta=100 reservedDelta=0 blocksDelta=1
TRC 2026-02-03 22:02:22.890-06:00 Updating counters                          topics="archivist repostore" tid=25631160 quotaDelta=100 reservedDelta=0 blocksDelta=1
TRC 2026-02-03 22:02:22.890-06:00 Updating block count to                    topics="archivist repostore" tid=25631160 totalBlocks=0
TRC 2026-02-03 22:02:22.891-06:00 Updating quota to                          topics="archivist repostore" tid=25631160 quota=0
TRC 2026-02-03 22:02:22.891-06:00 Updating block count to                    topics="archivist repostore" tid=25631160 totalBlocks=0
TRC 2026-02-03 22:02:22.891-06:00 Updating quota to                          topics="archivist repostore" tid=25631160 quota=0
TRC 2026-02-03 22:02:22.891-06:00 Updating block count to                    topics="archivist repostore" tid=25631160 totalBlocks=0
TRC 2026-02-03 22:02:22.891-06:00 Updating quota to                          topics="archivist repostore" tid=25631160 quota=0
TRC 2026-02-03 22:02:22.891-06:00 Updating block count to                    topics="archivist repostore" tid=25631160 totalBlocks=0
TRC 2026-02-03 22:02:22.891-06:00 Updating quota to                          topics="archivist repostore" tid=25631160 quota=0
TRC 2026-02-03 22:02:22.891-06:00 Updating block count to                    topics="archivist repostore" tid=25631160 totalBlocks=0
TRC 2026-02-03 22:02:22.891-06:00 Updating quota to                          topics="archivist repostore" tid=25631160 quota=0
TRC 2026-02-03 22:02:22.891-06:00 Updating block count to                    topics="archivist repostore" tid=25631160 totalBlocks=0
TRC 2026-02-03 22:02:22.891-06:00 Updating quota to                          topics="archivist repostore" tid=25631160 quota=0
TRC 2026-02-03 22:02:22.891-06:00 Updating block count to                    topics="archivist repostore" tid=25631160 totalBlocks=0
TRC 2026-02-03 22:02:22.891-06:00 Updating quota to                          topics="archivist repostore" tid=25631160 quota=0
TRC 2026-02-03 22:02:22.892-06:00 Updating block count to                    topics="archivist repostore" tid=25631160 totalBlocks=0
TRC 2026-02-03 22:02:22.892-06:00 Updating quota to                          topics="archivist repostore" tid=25631160 quota=0
TRC 2026-02-03 22:02:22.892-06:00 Updating block count to                    topics="archivist repostore" tid=25631160 totalBlocks=0
TRC 2026-02-03 22:02:22.892-06:00 Updating quota to                          topics="archivist repostore" tid=25631160 quota=0
TRC 2026-02-03 22:02:22.892-06:00 Retrieved record from repo                 topics="archivist repostore" tid=25631160 key=/repo/manifests/hL/zDvZRwzm1um2QML1LX2izPVruBxgzfhPndMarxxFM4YnN1ig4ohL
TRC 2026-02-03 22:02:22.893-06:00 Retrieved record from repo                 topics="archivist repostore" tid=25631160 key=/repo/blocks/Ez/zDxWB8EDDWvkbJsy1XSvmej47CLzGbYLRFVbxeyBpsAr5S4B7wEz
TRC 2026-02-03 22:02:22.893-06:00 Retrieved record from repo                 topics="archivist repostore" tid=25631160 key=/repo/blocks/dm/zDxWB8ED6z24DsqTnbqApd5T6CRx6ien7br1RGXWfGS8LYHSBedm
TRC 2026-02-03 22:02:22.894-06:00 Retrieved record from repo                 topics="archivist repostore" tid=25631160 key=/repo/blocks/U4/zDxWB8ED2KmgKgn4MHYsB6uJaLWm5YZVLMze2RffzuueQdPfKpU4
TRC 2026-02-03 22:02:22.894-06:00 Retrieved record from repo                 topics="archivist repostore" tid=25631160 key=/repo/blocks/89/zDxWB8ED13nJv8geij8zvj1D1M6MkeuJeKPJ3VYefdr9yDWcmG89
TRC 2026-02-03 22:02:22.895-06:00 Closing repostore                          topics="archivist repostore" tid=25631160
===============
  /Users/dryajov/personal/projects/durability-labs/archivist-node/tests/archivist/stores/testrepostore 'RepoStore FS backend Store Common::listBlocks Both'
---------------
    /Users/dryajov/personal/projects/durability-labs/archivist-node/tests/archivist/stores/commonstoretests.nim(157, 25): Check failed: handle.read.isOk
    /Users/dryajov/personal/projects/durability-labs/archivist-node/tests/archivist/stores/commonstoretests.nim(157, 25): Check failed: handle.read.isOk

  [FAILED ] (  0.01s) listBlocks Both[0m
(0.04s)   RepoStore FS backend Store Common

[Summary] 42 tests run (0.14s): 38 OK, 4 FAILED, 0 SKIPPED
  [FAILED ] (  0.00s) listBlocks Manifest[0m
  [FAILED ] (  0.01s) listBlocks Both[0m
  [FAILED ] (  0.01s) listBlocks Manifest[0m
  [FAILED ] (  0.01s) listBlocks Both[0m
